
> react-typescript-starter@0.1.0 test
> react-scripts test "--coverage"

FAIL src/App.test.tsx
  ✕ renders the course name somewhere (2 ms)

  ● renders the course name somewhere

    TypeError: Cannot read properties of undefined (reading 'current')

      4 |
      5 | test("renders the course name somewhere", () => {
    > 6 |     render(<App />);
        |     ^
      7 |     const linkElement = screen.getByText(/CISC275/i);
      8 |     expect(linkElement).toBeInTheDocument();
      9 | });

      at act (node_modules/react-dom/cjs/react-dom-test-utils.development.js:1021:59)
      at render (node_modules/@testing-library/react/dist/pure.js:97:26)
      at Object.<anonymous> (src/App.test.tsx:6:5)
      at TestScheduler.scheduleTests (node_modules/@jest/core/build/TestScheduler.js:333:13)
      at runJest (node_modules/@jest/core/build/runJest.js:404:19)
      at _run10000 (node_modules/@jest/core/build/cli/index.js:320:7)
      at runCLI (node_modules/@jest/core/build/cli/index.js:173:3)

  ● renders the course name somewhere

    TypeError: Cannot read properties of undefined (reading 'current')

      at act (node_modules/react-dom/cjs/react-dom-test-utils.development.js:1021:59)
      at cleanupAtContainer (node_modules/@testing-library/react/dist/pure.js:143:26)
          at Set.forEach (<anonymous>)
      at cleanup (node_modules/@testing-library/react/dist/pure.js:137:21)
      at Object.<anonymous> (node_modules/@testing-library/react/dist/index.js:33:25)
      at TestScheduler.scheduleTests (node_modules/@jest/core/build/TestScheduler.js:333:13)
      at runJest (node_modules/@jest/core/build/runJest.js:404:19)
      at _run10000 (node_modules/@jest/core/build/cli/index.js:320:7)
      at runCLI (node_modules/@jest/core/build/cli/index.js:173:3)

----------|---------|----------|---------|---------|-------------------
File      | % Stmts | % Branch | % Funcs | % Lines | Uncovered Line #s 
----------|---------|----------|---------|---------|-------------------
All files |       0 |      100 |       0 |       0 |                   
 App.tsx  |       0 |      100 |       0 |       0 | 5                 
----------|---------|----------|---------|---------|-------------------
Test Suites: 1 failed, 1 total
Tests:       1 failed, 1 total
Snapshots:   0 total
Time:        1.397 s
Ran all test suites.
